  cylinder.cpp
  billboard.cpp
  camera.cpp
  character2D.cpp
  character3D.cpp
  dome.cpp
  impact.cpp
  mesh.cpp
  meshfield.cpp
C:\Users\student\source\repos\C++Directx3D001\meshfield.cpp(499,6): warning C4189: 'nNumVtx': ローカル変数が初期化されましたが、参照されていません
  debugproc.cpp
  effect.cpp
  enemy.cpp
C:\Users\student\source\repos\C++Directx3D001\enemy.cpp(360,6): warning C4189: 'random': ローカル変数が初期化されましたが、参照されていません
  light.cpp
  main.cpp
C:\Users\student\source\repos\C++Directx3D001\main.cpp(24,91): warning C4100: 'lpCmdLine': 引数は関数の本体部で 1 度も参照されません。
C:\Users\student\source\repos\C++Directx3D001\main.cpp(24,65): warning C4100: 'hInstancePrev': 引数は関数の本体部で 1 度も参照されません。
  manager.cpp
  model.cpp
  modelManager.cpp
  motion.cpp
  number.cpp
  object.cpp
  コンパイル中...
  object2D.cpp
  object3D.cpp
  objectX.cpp
  particle.cpp
  player.cpp
  math.cpp
C:\Users\student\source\repos\C++Directx3D001\math.cpp(108,8): warning C4189: 'sqW': ローカル変数が初期化されましたが、参照されていません
  renderer.cpp
  score.cpp
  shadow.cpp
C:\Users\student\source\repos\C++Directx3D001\shadow.cpp(125,109): warning C4100: 'fAlv': 引数は関数の本体部で 1 度も参照されません。
C:\Users\student\source\repos\C++Directx3D001\shadow.cpp(125,88): warning C4100: 'fHeight': 引数は関数の本体部で 1 度も参照されません。
C:\Users\student\source\repos\C++Directx3D001\shadow.cpp(125,68): warning C4100: 'fWidth': 引数は関数の本体部で 1 度も参照されません。
C:\Users\student\source\repos\C++Directx3D001\shadow.cpp(125,51): warning C4100: 'pos': 引数は関数の本体部で 1 度も参照されません。
  testword.cpp
  textureManager.cpp
  word.cpp
  コード生成しています。
  104 of 656 functions (15.9%) were compiled, the rest were copied from previous compilation.
    30 functions were new in current compilation
    61 functions had inline decision re-evaluated but remain unchanged
  コード生成が終了しました。
  C++Directx3D001.vcxproj -> C:\Users\student\source\repos\C++Directx3D001\C++Directx3D001.exe
